/home/igutierrez134/envs/asturian-shared-task/lib64/python3.11/site-packages/transformers/utils/hub.py:110: FutureWarning: Using `TRANSFORMERS_CACHE` is deprecated and will be removed in v5 of Transformers. Use `HF_HOME` instead.
  warnings.warn(
WARNING: All log messages before absl::InitializeLog() is called are written to STDERR
I0000 00:00:1778404497.365826  391643 port.cc:153] oneDNN custom operations are on. You may see slightly different numerical results due to floating-point round-off errors from different computation orders. To turn them off, set the environment variable `TF_ENABLE_ONEDNN_OPTS=0`.
I0000 00:00:1778404497.409390  391643 cpu_feature_guard.cc:227] This TensorFlow binary is optimized to use available CPU instructions in performance-critical operations.
To enable the following instructions: AVX2 AVX512F AVX512_VNNI AVX512_BF16 FMA, in other operations, rebuild TensorFlow with the appropriate compiler flags.
WARNING: All log messages before absl::InitializeLog() is called are written to STDERR
I0000 00:00:1778404498.739196  391643 port.cc:153] oneDNN custom operations are on. You may see slightly different numerical results due to floating-point round-off errors from different computation orders. To turn them off, set the environment variable `TF_ENABLE_ONEDNN_OPTS=0`.
Fetching 5 files:   0%|          | 0/5 [00:00<?, ?it/s]Fetching 5 files: 100%|██████████| 5/5 [00:00<00:00, 101803.50it/s]
Lightning automatically upgraded your loaded checkpoint from v1.8.3.post1 to v2.6.1. To apply the upgrade to your files permanently, run `python -m pytorch_lightning.utilities.upgrade_checkpoint ../../.cache/huggingface/models--Unbabel--wmt22-comet-da/snapshots/2760a223ac957f30acfb18c8aa649b01cf1d75f2/checkpoints/model.ckpt`
Encoder model frozen.
/home/igutierrez134/envs/asturian-shared-task/lib64/python3.11/site-packages/pytorch_lightning/core/saving.py:197: Found keys that are not in the model state dict but in the checkpoint: ['encoder.model.embeddings.position_ids']
GPU available: True (cuda), used: True
TPU available: False, using: 0 TPU cores
💡 Tip: For seamless cloud logging and experiment tracking, try installing [litlogger](https://pypi.org/project/litlogger/) to enable LitLogger, which logs metrics and artifacts automatically to the Lightning Experiments platform.
💡 Tip: For seamless cloud uploads and versioning, try installing [litmodels](https://pypi.org/project/litmodels/) to enable LitModelCheckpoint, which syncs automatically with the Lightning model registry.
You are using a CUDA device ('NVIDIA L40S') that has Tensor Cores. To properly utilize them, you should set `torch.set_float32_matmul_precision('medium' | 'high')` which will trade-off precision for performance. For more details, read https://pytorch.org/docs/stable/generated/torch.set_float32_matmul_precision.html#torch.set_float32_matmul_precision
LOCAL_RANK: 0 - CUDA_VISIBLE_DEVICES: [5]
SLURM auto-requeueing enabled. Setting signal handlers.
/home/igutierrez134/envs/asturian-shared-task/lib64/python3.11/site-packages/pytorch_lightning/utilities/_pytree.py:21: `isinstance(treespec, LeafSpec)` is deprecated, use `isinstance(treespec, TreeSpec) and treespec.is_leaf()` instead.
INFO:tensorflow:Reading checkpoint /home/igutierrez134/.cache/huggingface/metrics/bleurt/BLEURT-20/downloads/extracted/b7c83310b6155767251dadedead2ed7a64d42445b2c9588bd57265a81c3ae09a/BLEURT-20.
Reading checkpoint /home/igutierrez134/.cache/huggingface/metrics/bleurt/BLEURT-20/downloads/extracted/b7c83310b6155767251dadedead2ed7a64d42445b2c9588bd57265a81c3ae09a/BLEURT-20.
INFO:tensorflow:Config file found, reading.
Config file found, reading.
INFO:tensorflow:Will load checkpoint BLEURT-20
Will load checkpoint BLEURT-20
INFO:tensorflow:Loads full paths and checks that files exists.
Loads full paths and checks that files exists.
INFO:tensorflow:... name:BLEURT-20
... name:BLEURT-20
INFO:tensorflow:... bert_config_file:bert_config.json
... bert_config_file:bert_config.json
INFO:tensorflow:... max_seq_length:512
... max_seq_length:512
INFO:tensorflow:... vocab_file:None
... vocab_file:None
INFO:tensorflow:... do_lower_case:None
... do_lower_case:None
INFO:tensorflow:... sp_model:sent_piece
... sp_model:sent_piece
INFO:tensorflow:... dynamic_seq_length:True
... dynamic_seq_length:True
INFO:tensorflow:Creating BLEURT scorer.
Creating BLEURT scorer.
INFO:tensorflow:Creating SentencePiece tokenizer.
Creating SentencePiece tokenizer.
INFO:tensorflow:Creating SentencePiece tokenizer.
Creating SentencePiece tokenizer.
INFO:tensorflow:Will load model: /home/igutierrez134/.cache/huggingface/metrics/bleurt/BLEURT-20/downloads/extracted/b7c83310b6155767251dadedead2ed7a64d42445b2c9588bd57265a81c3ae09a/BLEURT-20/sent_piece.model.
Will load model: /home/igutierrez134/.cache/huggingface/metrics/bleurt/BLEURT-20/downloads/extracted/b7c83310b6155767251dadedead2ed7a64d42445b2c9588bd57265a81c3ae09a/BLEURT-20/sent_piece.model.
INFO:tensorflow:SentencePiece tokenizer created.
SentencePiece tokenizer created.
INFO:tensorflow:Creating Eager Mode predictor.
Creating Eager Mode predictor.
INFO:tensorflow:Loading model.
Loading model.
I0000 00:00:1778404517.824545  391643 gpu_device.cc:2043] Created device /job:localhost/replica:0/task:0/device:GPU:0 with 43411 MB memory:  -> device: 0, name: NVIDIA L40S, pci bus id: 0000:85:00.0, compute capability: 8.9
Fingerprint not found. Saved model loading will continue.
path_and_singleprint metric could not be logged. Saved model loading will continue.
INFO:tensorflow:BLEURT initialized.
BLEURT initialized.
