/home/igutierrez134/envs/asturian-shared-task/lib64/python3.11/site-packages/transformers/utils/hub.py:110: FutureWarning: Using `TRANSFORMERS_CACHE` is deprecated and will be removed in v5 of Transformers. Use `HF_HOME` instead.
  warnings.warn(
WARNING: All log messages before absl::InitializeLog() is called are written to STDERR
I0000 00:00:1778375867.568952  347717 port.cc:153] oneDNN custom operations are on. You may see slightly different numerical results due to floating-point round-off errors from different computation orders. To turn them off, set the environment variable `TF_ENABLE_ONEDNN_OPTS=0`.
I0000 00:00:1778375867.606882  347717 cpu_feature_guard.cc:227] This TensorFlow binary is optimized to use available CPU instructions in performance-critical operations.
To enable the following instructions: AVX2 AVX512F AVX512_VNNI AVX512_BF16 FMA, in other operations, rebuild TensorFlow with the appropriate compiler flags.
WARNING: All log messages before absl::InitializeLog() is called are written to STDERR
I0000 00:00:1778375868.646130  347717 port.cc:153] oneDNN custom operations are on. You may see slightly different numerical results due to floating-point round-off errors from different computation orders. To turn them off, set the environment variable `TF_ENABLE_ONEDNN_OPTS=0`.
  0%|          | 0/33018 [00:00<?, ?it/s]/home/igutierrez134/envs/asturian-shared-task/lib64/python3.11/site-packages/torch/utils/checkpoint.py:232: UserWarning: None of the inputs have requires_grad=True. Gradients will be None
  check_backward_validity(args)
Traceback (most recent call last):
  File "/home/igutierrez134/MT/asturian-shared-task/scripts/train.py", line 161, in <module>
    trainer.train()
  File "/home/igutierrez134/envs/asturian-shared-task/lib64/python3.11/site-packages/transformers/trainer.py", line 2325, in train
    return inner_training_loop(
           ^^^^^^^^^^^^^^^^^^^^
  File "/home/igutierrez134/envs/asturian-shared-task/lib64/python3.11/site-packages/transformers/trainer.py", line 2674, in _inner_training_loop
    tr_loss_step = self.training_step(model, inputs, num_items_in_batch)
                   ^^^^^^^^^^^^^^^^^^^^^^^^^^^^^^^^^^^^^^^^^^^^^^^^^^^^^
  File "/home/igutierrez134/envs/asturian-shared-task/lib64/python3.11/site-packages/transformers/trainer.py", line 4071, in training_step
    self.accelerator.backward(loss, **kwargs)
  File "/home/igutierrez134/envs/asturian-shared-task/lib64/python3.11/site-packages/accelerate/accelerator.py", line 2838, in backward
    loss.backward(**kwargs)
  File "/home/igutierrez134/envs/asturian-shared-task/lib64/python3.11/site-packages/torch/_tensor.py", line 631, in backward
    torch.autograd.backward(
  File "/home/igutierrez134/envs/asturian-shared-task/lib64/python3.11/site-packages/torch/autograd/__init__.py", line 381, in backward
    _engine_run_backward(
  File "/home/igutierrez134/envs/asturian-shared-task/lib64/python3.11/site-packages/torch/autograd/graph.py", line 869, in _engine_run_backward
    return Variable._execution_engine.run_backward(  # Calls into the C++ engine to run the backward pass
           ^^^^^^^^^^^^^^^^^^^^^^^^^^^^^^^^^^^^^^^^^^^^^^^^^^^^^^^^^^^^^^^^^^^^^^^^^^^^^^^^^^^^^^^^^^^^^^
RuntimeError: element 0 of tensors does not require grad and does not have a grad_fn
  0%|          | 0/33018 [00:01<?, ?it/s]
