/home/igutierrez134/envs/asturian-shared-task/lib64/python3.11/site-packages/transformers/utils/hub.py:110: FutureWarning: Using `TRANSFORMERS_CACHE` is deprecated and will be removed in v5 of Transformers. Use `HF_HOME` instead.
  warnings.warn(
WARNING: All log messages before absl::InitializeLog() is called are written to STDERR
I0000 00:00:1778373934.628322  339546 port.cc:153] oneDNN custom operations are on. You may see slightly different numerical results due to floating-point round-off errors from different computation orders. To turn them off, set the environment variable `TF_ENABLE_ONEDNN_OPTS=0`.
I0000 00:00:1778373934.666824  339546 cpu_feature_guard.cc:227] This TensorFlow binary is optimized to use available CPU instructions in performance-critical operations.
To enable the following instructions: AVX2 AVX512F AVX512_VNNI AVX512_BF16 FMA, in other operations, rebuild TensorFlow with the appropriate compiler flags.
WARNING: All log messages before absl::InitializeLog() is called are written to STDERR
I0000 00:00:1778373935.716273  339546 port.cc:153] oneDNN custom operations are on. You may see slightly different numerical results due to floating-point round-off errors from different computation orders. To turn them off, set the environment variable `TF_ENABLE_ONEDNN_OPTS=0`.
Traceback (most recent call last):
  File "/home/igutierrez134/envs/asturian-shared-task/lib64/python3.11/site-packages/transformers/activations_tf.py", line 22, in <module>
    import tf_keras as keras
ModuleNotFoundError: No module named 'tf_keras'

During handling of the above exception, another exception occurred:

Traceback (most recent call last):
  File "/home/igutierrez134/MT/asturian-shared-task/scripts/train.py", line 7, in <module>
    from transformers import (
  File "<frozen importlib._bootstrap>", line 1229, in _handle_fromlist
  File "/home/igutierrez134/envs/asturian-shared-task/lib64/python3.11/site-packages/transformers/utils/import_utils.py", line 2317, in __getattr__
    module = self._get_module(self._class_to_module[name])
             ^^^^^^^^^^^^^^^^^^^^^^^^^^^^^^^^^^^^^^^^^^^^^
  File "/home/igutierrez134/envs/asturian-shared-task/lib64/python3.11/site-packages/transformers/utils/import_utils.py", line 2347, in _get_module
    raise e
  File "/home/igutierrez134/envs/asturian-shared-task/lib64/python3.11/site-packages/transformers/utils/import_utils.py", line 2345, in _get_module
    return importlib.import_module("." + module_name, self.__name__)
           ^^^^^^^^^^^^^^^^^^^^^^^^^^^^^^^^^^^^^^^^^^^^^^^^^^^^^^^^^
  File "/usr/lib64/python3.11/importlib/__init__.py", line 126, in import_module
    return _bootstrap._gcd_import(name[level:], package, level)
           ^^^^^^^^^^^^^^^^^^^^^^^^^^^^^^^^^^^^^^^^^^^^^^^^^^^^
  File "/home/igutierrez134/envs/asturian-shared-task/lib64/python3.11/site-packages/transformers/trainer_seq2seq.py", line 28, in <module>
    from .trainer import Trainer
  File "/home/igutierrez134/envs/asturian-shared-task/lib64/python3.11/site-packages/transformers/trainer.py", line 42, in <module>
    from .integrations import (
  File "<frozen importlib._bootstrap>", line 1229, in _handle_fromlist
  File "/home/igutierrez134/envs/asturian-shared-task/lib64/python3.11/site-packages/transformers/utils/import_utils.py", line 2317, in __getattr__
    module = self._get_module(self._class_to_module[name])
             ^^^^^^^^^^^^^^^^^^^^^^^^^^^^^^^^^^^^^^^^^^^^^
  File "/home/igutierrez134/envs/asturian-shared-task/lib64/python3.11/site-packages/transformers/utils/import_utils.py", line 2347, in _get_module
    raise e
  File "/home/igutierrez134/envs/asturian-shared-task/lib64/python3.11/site-packages/transformers/utils/import_utils.py", line 2345, in _get_module
    return importlib.import_module("." + module_name, self.__name__)
           ^^^^^^^^^^^^^^^^^^^^^^^^^^^^^^^^^^^^^^^^^^^^^^^^^^^^^^^^^
  File "/usr/lib64/python3.11/importlib/__init__.py", line 126, in import_module
    return _bootstrap._gcd_import(name[level:], package, level)
           ^^^^^^^^^^^^^^^^^^^^^^^^^^^^^^^^^^^^^^^^^^^^^^^^^^^^
  File "/home/igutierrez134/envs/asturian-shared-task/lib64/python3.11/site-packages/transformers/integrations/integration_utils.py", line 60, in <module>
    from .. import TFPreTrainedModel
  File "<frozen importlib._bootstrap>", line 1229, in _handle_fromlist
  File "/home/igutierrez134/envs/asturian-shared-task/lib64/python3.11/site-packages/transformers/utils/import_utils.py", line 2317, in __getattr__
    module = self._get_module(self._class_to_module[name])
             ^^^^^^^^^^^^^^^^^^^^^^^^^^^^^^^^^^^^^^^^^^^^^
  File "/home/igutierrez134/envs/asturian-shared-task/lib64/python3.11/site-packages/transformers/utils/import_utils.py", line 2347, in _get_module
    raise e
  File "/home/igutierrez134/envs/asturian-shared-task/lib64/python3.11/site-packages/transformers/utils/import_utils.py", line 2345, in _get_module
    return importlib.import_module("." + module_name, self.__name__)
           ^^^^^^^^^^^^^^^^^^^^^^^^^^^^^^^^^^^^^^^^^^^^^^^^^^^^^^^^^
  File "/usr/lib64/python3.11/importlib/__init__.py", line 126, in import_module
    return _bootstrap._gcd_import(name[level:], package, level)
           ^^^^^^^^^^^^^^^^^^^^^^^^^^^^^^^^^^^^^^^^^^^^^^^^^^^^
  File "/home/igutierrez134/envs/asturian-shared-task/lib64/python3.11/site-packages/transformers/modeling_tf_utils.py", line 38, in <module>
    from .activations_tf import get_tf_activation
  File "/home/igutierrez134/envs/asturian-shared-task/lib64/python3.11/site-packages/transformers/activations_tf.py", line 27, in <module>
    raise ValueError(
ValueError: Your currently installed version of Keras is Keras 3, but this is not yet supported in Transformers. Please install the backwards-compatible tf-keras package with `pip install tf-keras`.
